Parse error at (line 8, column 25):
unexpected "r"
expecting "bool", "int" or "float"
