Parse error at (line 13, column 14):
unexpected "n"
expecting "bool", "int" or "float"
